exports[`test renders without crashing 1`] = `"{\"_reactInternalInstance\":\"censored\"}"`;
